// Vitest Snapshot v1, https://vitest.dev/guide/snapshot.html

exports[`Story 1.3 — committed determinism snapshot of the merged NormalizedEvent[] > matches the committed snapshot (the ingest-level determinism anchor, AC1) 1`] = `
[
  {
    "eventId": "u-0001",
    "eventType": "prompt",
    "exitCode": null,
    "isError": false,
    "orderKey": {
      "logicalClock": 0,
      "seqWithinStream": 0,
      "streamId": "aecfc998031eb0576",
    },
    "payload": {
      "text": "Kickoff: implement the ingest pipeline for Story 10.1.",
    },
    "retryCount": 0,
    "streamDepth": 0,
    "subtype": null,
    "timestamp": "2026-06-14T15:56:48.752Z",
    "toolName": null,
  },
  {
    "eventId": "u-0002#1",
    "eventType": "text",
    "exitCode": null,
    "isError": false,
    "orderKey": {
      "logicalClock": 1,
      "seqWithinStream": 1,
      "streamId": "aecfc998031eb0576",
    },
    "payload": {
      "text": "I will start by reading the schema then editing the parser.",
    },
    "retryCount": 0,
    "streamDepth": 0,
    "subtype": null,
    "timestamp": "2026-06-14T15:57:01.100Z",
    "toolName": null,
  },
  {
    "eventId": "u-0002#2",
    "eventType": "tool_use",
    "exitCode": null,
    "isError": false,
    "orderKey": {
      "logicalClock": 2,
      "seqWithinStream": 2,
      "streamId": "aecfc998031eb0576",
    },
    "payload": {
      "input": {
        "file_path": "/work/project/src/schema/normalized-event.ts",
      },
    },
    "retryCount": 0,
    "streamDepth": 0,
    "subtype": null,
    "timestamp": "2026-06-14T15:57:01.100Z",
    "toolName": "Read",
  },
  {
    "eventId": "u-0003#0",
    "eventType": "tool_result",
    "exitCode": null,
    "isError": false,
    "orderKey": {
      "logicalClock": 3,
      "seqWithinStream": 3,
      "streamId": "aecfc998031eb0576",
    },
    "payload": {
      "content": "export const NormalizedEventSchema = ...",
    },
    "retryCount": 0,
    "streamDepth": 0,
    "subtype": null,
    "timestamp": "2026-06-14T15:57:03.500Z",
    "toolName": null,
  },
  {
    "eventId": "u-0004#0",
    "eventType": "tool_use",
    "exitCode": null,
    "isError": false,
    "orderKey": {
      "logicalClock": 4,
      "seqWithinStream": 4,
      "streamId": "aecfc998031eb0576",
    },
    "payload": {
      "input": {
        "content": "export function parseTranscript() {}",
        "file_path": "/work/project/src/ingest/parse-transcript.ts",
      },
    },
    "retryCount": 0,
    "streamDepth": 0,
    "subtype": null,
    "timestamp": "2026-06-14T15:58:10.000Z",
    "toolName": "Write",
  },
  {
    "eventId": "u-0005#0",
    "eventType": "tool_result",
    "exitCode": null,
    "isError": false,
    "orderKey": {
      "logicalClock": 5,
      "seqWithinStream": 5,
      "streamId": "aecfc998031eb0576",
    },
    "payload": {
      "content": "File created.",
    },
    "retryCount": 0,
    "streamDepth": 0,
    "subtype": null,
    "timestamp": "2026-06-14T15:58:11.200Z",
    "toolName": null,
  },
  {
    "eventId": "u-0006#0",
    "eventType": "tool_use",
    "exitCode": null,
    "isError": false,
    "orderKey": {
      "logicalClock": 6,
      "seqWithinStream": 6,
      "streamId": "aecfc998031eb0576",
    },
    "payload": {
      "input": {
        "file_path": "/work/project/src/ingest/parse-transcript.ts",
        "new_string": "{ return []; }",
        "old_string": "{}",
      },
    },
    "retryCount": 0,
    "streamDepth": 0,
    "subtype": null,
    "timestamp": "2026-06-14T16:00:30.000Z",
    "toolName": "Edit",
  },
  {
    "eventId": "u-0007#0",
    "eventType": "tool_result",
    "exitCode": null,
    "isError": false,
    "orderKey": {
      "logicalClock": 7,
      "seqWithinStream": 7,
      "streamId": "aecfc998031eb0576",
    },
    "payload": {
      "content": "Edit applied.",
    },
    "retryCount": 0,
    "streamDepth": 0,
    "subtype": null,
    "timestamp": "2026-06-14T16:00:31.500Z",
    "toolName": null,
  },
  {
    "eventId": "u-0008#0",
    "eventType": "tool_use",
    "exitCode": null,
    "isError": false,
    "orderKey": {
      "logicalClock": 8,
      "seqWithinStream": 8,
      "streamId": "aecfc998031eb0576",
    },
    "payload": {
      "input": {
        "command": "pnpm vitest run",
        "description": "Run the test suite",
      },
    },
    "retryCount": 0,
    "streamDepth": 0,
    "subtype": null,
    "timestamp": "2026-06-14T16:05:00.000Z",
    "toolName": "Bash",
  },
  {
    "eventId": "u-0009#0",
    "eventType": "tool_result",
    "exitCode": null,
    "isError": true,
    "orderKey": {
      "logicalClock": 9,
      "seqWithinStream": 9,
      "streamId": "aecfc998031eb0576",
    },
    "payload": {
      "content": "FAIL src/ingest/parse-transcript.test.ts",
    },
    "retryCount": 0,
    "streamDepth": 0,
    "subtype": null,
    "timestamp": "2026-06-14T16:05:09.300Z",
    "toolName": null,
  },
  {
    "eventId": "u-0010#0",
    "eventType": "tool_use",
    "exitCode": null,
    "isError": false,
    "orderKey": {
      "logicalClock": 10,
      "seqWithinStream": 10,
      "streamId": "aecfc998031eb0576",
    },
    "payload": {
      "input": {
        "file_path": "/work/project/src/ingest/normalize.ts",
      },
    },
    "retryCount": 0,
    "streamDepth": 0,
    "subtype": null,
    "timestamp": "2026-06-14T16:06:00.000Z",
    "toolName": "Read",
  },
  {
    "eventId": "u-0011#0",
    "eventType": "tool_result",
    "exitCode": null,
    "isError": false,
    "orderKey": {
      "logicalClock": 11,
      "seqWithinStream": 11,
      "streamId": "aecfc998031eb0576",
    },
    "payload": {
      "content": [
        {
          "text": "export function normalizeTranscript() {}",
          "type": "text",
        },
        {
          "content": "nested raw payload",
          "isError": false,
          "toolUseId": "t-read-2-nested",
          "type": "tool_result",
        },
      ],
    },
    "retryCount": 0,
    "streamDepth": 0,
    "subtype": null,
    "timestamp": "2026-06-14T16:06:01.500Z",
    "toolName": null,
  },
  {
    "eventId": "phase-dev-OPAQUEHASH-1#started",
    "eventType": "journal_started",
    "exitCode": null,
    "isError": false,
    "orderKey": {
      "logicalClock": 12,
      "seqWithinStream": 0,
      "streamId": "orchestrator",
    },
    "payload": {
      "key": "phase-dev-OPAQUEHASH-1",
      "result": null,
    },
    "retryCount": 0,
    "streamDepth": 0,
    "subtype": null,
    "timestamp": "",
    "toolName": null,
  },
  {
    "eventId": "phase-dev-OPAQUEHASH-1#result",
    "eventType": "journal_result",
    "exitCode": null,
    "isError": false,
    "orderKey": {
      "logicalClock": 13,
      "seqWithinStream": 1,
      "streamId": "orchestrator",
    },
    "payload": {
      "key": "phase-dev-OPAQUEHASH-1",
      "result": {
        "status": "complete",
        "verdict": "pass",
      },
    },
    "retryCount": 0,
    "streamDepth": 0,
    "subtype": "complete",
    "timestamp": "",
    "toolName": null,
  },
]
`;
